###############################################################################
#
# IAR ELF Linker V8.50.9.278/W32 for ARM                  23/Dec/2020  03:20:41
# Copyright 2007-2020 IAR Systems AB.
#
#    Output file  =
#        D:\Develop\H-TEC\Micrium\Software\EvalBoards\ST\STM3210B-EVAL\IAR\OS-Probe\Flash\Exe\STM3210B-EVAL-OS-Probe-v5.out
#    Map file     =
#        D:\Develop\H-TEC\Micrium\Software\EvalBoards\ST\STM3210B-EVAL\IAR\OS-Probe\Flash\List\STM3210B-EVAL-OS-Probe-v5.map
#    Command line =
#        -f C:\Users\fabi8\AppData\Local\Temp\EW49F6.tmp
#        (D:\Develop\H-TEC\Micrium\Software\EvalBoards\ST\STM3210B-EVAL\IAR\OS-Probe\Flash\Obj\app.o
#        D:\Develop\H-TEC\Micrium\Software\EvalBoards\ST\STM3210B-EVAL\IAR\OS-Probe\Flash\Obj\app_vect_v5.o
#        D:\Develop\H-TEC\Micrium\Software\EvalBoards\ST\STM3210B-EVAL\IAR\OS-Probe\Flash\Obj\bsp.o
#        D:\Develop\H-TEC\Micrium\Software\EvalBoards\ST\STM3210B-EVAL\IAR\OS-Probe\Flash\Obj\bsp_int.o
#        D:\Develop\H-TEC\Micrium\Software\EvalBoards\ST\STM3210B-EVAL\IAR\OS-Probe\Flash\Obj\bsp_periph.o
#        D:\Develop\H-TEC\Micrium\Software\EvalBoards\ST\STM3210B-EVAL\IAR\OS-Probe\Flash\Obj\cpu_a.o
#        D:\Develop\H-TEC\Micrium\Software\EvalBoards\ST\STM3210B-EVAL\IAR\OS-Probe\Flash\Obj\cpu_c.o
#        D:\Develop\H-TEC\Micrium\Software\EvalBoards\ST\STM3210B-EVAL\IAR\OS-Probe\Flash\Obj\lib_mem.o
#        D:\Develop\H-TEC\Micrium\Software\EvalBoards\ST\STM3210B-EVAL\IAR\OS-Probe\Flash\Obj\lib_mem_a.o
#        D:\Develop\H-TEC\Micrium\Software\EvalBoards\ST\STM3210B-EVAL\IAR\OS-Probe\Flash\Obj\lib_str.o
#        D:\Develop\H-TEC\Micrium\Software\EvalBoards\ST\STM3210B-EVAL\IAR\OS-Probe\Flash\Obj\matrix.o
#        D:\Develop\H-TEC\Micrium\Software\EvalBoards\ST\STM3210B-EVAL\IAR\OS-Probe\Flash\Obj\os_core.o
#        D:\Develop\H-TEC\Micrium\Software\EvalBoards\ST\STM3210B-EVAL\IAR\OS-Probe\Flash\Obj\os_cpu_a.o
#        D:\Develop\H-TEC\Micrium\Software\EvalBoards\ST\STM3210B-EVAL\IAR\OS-Probe\Flash\Obj\os_cpu_c.o
#        D:\Develop\H-TEC\Micrium\Software\EvalBoards\ST\STM3210B-EVAL\IAR\OS-Probe\Flash\Obj\os_dbg.o
#        D:\Develop\H-TEC\Micrium\Software\EvalBoards\ST\STM3210B-EVAL\IAR\OS-Probe\Flash\Obj\os_flag.o
#        D:\Develop\H-TEC\Micrium\Software\EvalBoards\ST\STM3210B-EVAL\IAR\OS-Probe\Flash\Obj\os_mbox.o
#        D:\Develop\H-TEC\Micrium\Software\EvalBoards\ST\STM3210B-EVAL\IAR\OS-Probe\Flash\Obj\os_mem.o
#        D:\Develop\H-TEC\Micrium\Software\EvalBoards\ST\STM3210B-EVAL\IAR\OS-Probe\Flash\Obj\os_mutex.o
#        D:\Develop\H-TEC\Micrium\Software\EvalBoards\ST\STM3210B-EVAL\IAR\OS-Probe\Flash\Obj\os_probe.o
#        D:\Develop\H-TEC\Micrium\Software\EvalBoards\ST\STM3210B-EVAL\IAR\OS-Probe\Flash\Obj\os_q.o
#        D:\Develop\H-TEC\Micrium\Software\EvalBoards\ST\STM3210B-EVAL\IAR\OS-Probe\Flash\Obj\os_sem.o
#        D:\Develop\H-TEC\Micrium\Software\EvalBoards\ST\STM3210B-EVAL\IAR\OS-Probe\Flash\Obj\os_task.o
#        D:\Develop\H-TEC\Micrium\Software\EvalBoards\ST\STM3210B-EVAL\IAR\OS-Probe\Flash\Obj\os_time.o
#        D:\Develop\H-TEC\Micrium\Software\EvalBoards\ST\STM3210B-EVAL\IAR\OS-Probe\Flash\Obj\os_tmr.o
#        D:\Develop\H-TEC\Micrium\Software\EvalBoards\ST\STM3210B-EVAL\IAR\OS-Probe\Flash\Obj\probe_com.o
#        D:\Develop\H-TEC\Micrium\Software\EvalBoards\ST\STM3210B-EVAL\IAR\OS-Probe\Flash\Obj\probe_com_os.o
#        D:\Develop\H-TEC\Micrium\Software\EvalBoards\ST\STM3210B-EVAL\IAR\OS-Probe\Flash\Obj\stm32f10x_adc.o
#        D:\Develop\H-TEC\Micrium\Software\EvalBoards\ST\STM3210B-EVAL\IAR\OS-Probe\Flash\Obj\stm32f10x_bkp.o
#        D:\Develop\H-TEC\Micrium\Software\EvalBoards\ST\STM3210B-EVAL\IAR\OS-Probe\Flash\Obj\stm32f10x_exti.o
#        D:\Develop\H-TEC\Micrium\Software\EvalBoards\ST\STM3210B-EVAL\IAR\OS-Probe\Flash\Obj\stm32f10x_flash.o
#        D:\Develop\H-TEC\Micrium\Software\EvalBoards\ST\STM3210B-EVAL\IAR\OS-Probe\Flash\Obj\stm32f10x_gpio.o
#        D:\Develop\H-TEC\Micrium\Software\EvalBoards\ST\STM3210B-EVAL\IAR\OS-Probe\Flash\Obj\stm32f10x_i2c.o
#        D:\Develop\H-TEC\Micrium\Software\EvalBoards\ST\STM3210B-EVAL\IAR\OS-Probe\Flash\Obj\stm32f10x_lib.o
#        D:\Develop\H-TEC\Micrium\Software\EvalBoards\ST\STM3210B-EVAL\IAR\OS-Probe\Flash\Obj\stm32f10x_nvic.o
#        D:\Develop\H-TEC\Micrium\Software\EvalBoards\ST\STM3210B-EVAL\IAR\OS-Probe\Flash\Obj\stm32f10x_pwr.o
#        D:\Develop\H-TEC\Micrium\Software\EvalBoards\ST\STM3210B-EVAL\IAR\OS-Probe\Flash\Obj\stm32f10x_rcc.o
#        D:\Develop\H-TEC\Micrium\Software\EvalBoards\ST\STM3210B-EVAL\IAR\OS-Probe\Flash\Obj\stm32f10x_rtc.o
#        D:\Develop\H-TEC\Micrium\Software\EvalBoards\ST\STM3210B-EVAL\IAR\OS-Probe\Flash\Obj\stm32f10x_spi.o
#        D:\Develop\H-TEC\Micrium\Software\EvalBoards\ST\STM3210B-EVAL\IAR\OS-Probe\Flash\Obj\stm32f10x_systick.o
#        D:\Develop\H-TEC\Micrium\Software\EvalBoards\ST\STM3210B-EVAL\IAR\OS-Probe\Flash\Obj\stm32f10x_tim.o
#        D:\Develop\H-TEC\Micrium\Software\EvalBoards\ST\STM3210B-EVAL\IAR\OS-Probe\Flash\Obj\stm32f10x_usart.o
#        --redirect _Printf=_PrintfFullNoMb --redirect _Scanf=_ScanfFullNoMb
#        --no_out_extension -o
#        D:\Develop\H-TEC\Micrium\Software\EvalBoards\ST\STM3210B-EVAL\IAR\OS-Probe\Flash\Exe\STM3210B-EVAL-OS-Probe-v5.out
#        --map
#        D:\Develop\H-TEC\Micrium\Software\EvalBoards\ST\STM3210B-EVAL\IAR\OS-Probe\Flash\List\STM3210B-EVAL-OS-Probe-v5.map
#        --config
#        D:\Develop\H-TEC\Micrium\Software\EvalBoards\ST\STM3210B-EVAL\IAR\OS-Probe\..\BSP\STM32_Flash.icf
#        --semihosting --entry __iar_program_start --vfe --text_out locale)
#
###############################################################################

*******************************************************************************
*** RUNTIME MODEL ATTRIBUTES
***

CppFlavor       = *
__Heap_Handler  = Basic
__SystemLibrary = DLib
__dlib_version  = 6


*******************************************************************************
*** HEAP SELECTION
***

The basic heap was selected because some modules are built with
size limitations (and not runtime checking), and --advanced_heap
was not specified.


*******************************************************************************
*** PLACEMENT SUMMARY
***

"A0":  place at start of [from 0x800'0000 to 0x801'ffff] { ro section .intvec };
"P1":  place in [from 0x800'0000 to 0x801'ffff] { ro };
define block HEAP with size = 0, alignment = 8 { };
define block CSTACK with size = 256, alignment = 8 { };
"P2":  place in [from 0x2000'0000 to 0x2000'1fff] {
          rw, block HEAP, block CSTACK };
initialize by copy { rw };

  Section            Kind         Address    Size  Object
  -------            ----         -------    ----  ------
"A0":                                        0xec
  .intvec            const     0x800'0000    0xec  app_vect_v5.o [1]
                             - 0x800'00ec    0xec

"P1":                                      0x1bfc
  .text              ro code   0x800'00ec   0x4a0  os_core.o [1]
  .text              ro code   0x800'058c    0xe4  os_cpu_c.o [1]
  .text              ro code   0x800'0670     0x6  ABImemclr.o [4]
  .text              ro code   0x800'0676    0x3a  zero_init3.o [4]
  .text              ro code   0x800'06b0   0x332  os_flag.o [1]
  .text              ro code   0x800'09e2    0x2e  copy_init3.o [4]
  .text              ro code   0x800'0a10   0x21c  os_task.o [1]
  .text              ro code   0x800'0c2c     0x2  os_dbg.o [1]
  .rodata            const     0x800'0c2e     0x2  os_dbg.o [1]
  CODE               ro code   0x800'0c30    0xa0  os_cpu_a.o [1]
  .text              ro code   0x800'0cd0    0xa0  os_time.o [1]
  .text              ro code   0x800'0d70   0x470  app.o [1]
  .text              ro code   0x800'11e0    0xa0  bsp.o [1]
  .text              ro code   0x800'1280    0x12  ABImemset_small.o [4]
  .rodata            const     0x800'1292     0x2  os_dbg.o [1]
  .text              ro code   0x800'1294     0x6  ABImemclr4.o [4]
  .rodata            const     0x800'129a     0x2  os_dbg.o [1]
  .text              ro code   0x800'129c    0xe4  bsp_int.o [1]
  .text              ro code   0x800'1380    0xc4  stm32f10x_rcc.o [1]
  .text              ro code   0x800'1444    0xd0  stm32f10x_gpio.o [1]
  .text              ro code   0x800'1514   0x120  stm32f10x_adc.o [1]
  .text              ro code   0x800'1634    0xd2  stm32f10x_i2c.o [1]
  .rodata            const     0x800'1706     0x2  os_dbg.o [1]
  .text              ro code   0x800'1708   0x19c  os_probe.o [1]
  .text              ro code   0x800'18a4    0x20  probe_com.o [1]
  .text              ro code   0x800'18c4    0x64  stm32f10x_tim.o [1]
  .text              ro code   0x800'1928    0x32  ABImemset48.o [4]
  .rodata            const     0x800'195a     0x2  os_dbg.o [1]
  CODE               ro code   0x800'195c    0x2a  cpu_a.o [1]
  .rodata            const     0x800'1986     0x2  os_dbg.o [1]
  .text              ro code   0x800'1988    0x1c  U32ToFlt.o [3]
  .text              ro code   0x800'19a4    0xfc  FltDiv.o [3]
  .rodata            const     0x800'1aa0   0x100  os_core.o [1]
  .text              ro code   0x800'1ba0    0x2c  iarttio.o [5]
  .text              ro code   0x800'1bcc     0xc  XShttio.o [2]
  .text              ro code   0x800'1bd8    0x28  data_init.o [4]
  .iar.init_table    const     0x800'1c00    0x24  - Linker created -
  .text              ro code   0x800'1c24    0x1e  cmain.o [4]
  .text              ro code   0x800'1c42     0x4  low_level_init.o [2]
  .text              ro code   0x800'1c46     0x4  exit.o [2]
  .rodata            const     0x800'1c4a     0x2  os_dbg.o [1]
  .text              ro code   0x800'1c4c     0xa  cexit.o [4]
  .rodata            const     0x800'1c56     0x2  os_dbg.o [1]
  .text              ro code   0x800'1c58    0x14  exit.o [5]
  .text              ro code   0x800'1c6c    0x1c  cstartup_M.o [4]
  .text              ro code   0x800'1c88     0xc  app_vect_v5.o [1]
  Initializer bytes  const     0x800'1c94     0x8  <for P2-1>
  .rodata            const     0x800'1c9c     0x4  os_dbg.o [1]
  .rodata            const     0x800'1ca0     0x2  os_dbg.o [1]
  .rodata            const     0x800'1ca2     0x2  os_dbg.o [1]
  .rodata            const     0x800'1ca4     0x2  os_dbg.o [1]
  .rodata            const     0x800'1ca6     0x2  os_dbg.o [1]
  .rodata            const     0x800'1ca8     0x2  os_dbg.o [1]
  .rodata            const     0x800'1caa     0x2  os_dbg.o [1]
  .rodata            const     0x800'1cac     0x2  os_dbg.o [1]
  .rodata            const     0x800'1cae     0x2  os_dbg.o [1]
  .rodata            const     0x800'1cb0     0x2  os_dbg.o [1]
  .rodata            const     0x800'1cb2     0x2  os_dbg.o [1]
  .rodata            const     0x800'1cb4     0x2  os_dbg.o [1]
  .rodata            const     0x800'1cb6     0x2  os_dbg.o [1]
  .rodata            const     0x800'1cb8     0x2  os_dbg.o [1]
  .rodata            const     0x800'1cba     0x2  os_dbg.o [1]
  .rodata            const     0x800'1cbc     0x2  os_dbg.o [1]
  .rodata            const     0x800'1cbe     0x2  os_dbg.o [1]
  .rodata            const     0x800'1cc0     0x2  os_dbg.o [1]
  .rodata            const     0x800'1cc2     0x2  os_dbg.o [1]
  .rodata            const     0x800'1cc4     0x2  os_dbg.o [1]
  .rodata            const     0x800'1cc6     0x2  os_dbg.o [1]
  .rodata            const     0x800'1cc8     0x2  os_dbg.o [1]
  .rodata            const     0x800'1cca     0x2  os_dbg.o [1]
  .rodata            const     0x800'1ccc     0x2  os_dbg.o [1]
  .rodata            const     0x800'1cce     0x2  os_dbg.o [1]
  .rodata            const     0x800'1cd0     0x2  os_dbg.o [1]
  .rodata            const     0x800'1cd2     0x2  os_dbg.o [1]
  .rodata            const     0x800'1cd4     0x2  os_dbg.o [1]
  .rodata            const     0x800'1cd6     0x2  os_dbg.o [1]
  .rodata            const     0x800'1cd8     0x2  os_dbg.o [1]
  .rodata            const     0x800'1cda     0x2  os_dbg.o [1]
  .rodata            const     0x800'1cdc     0x2  os_dbg.o [1]
  .rodata            const     0x800'1cde     0x2  os_dbg.o [1]
  .rodata            const     0x800'1ce0     0x2  os_dbg.o [1]
  .rodata            const     0x800'1ce2     0x2  os_dbg.o [1]
  .rodata            const     0x800'1ce4     0x2  os_dbg.o [1]
  .rodata            const     0x800'1ce6     0x2  os_dbg.o [1]
  .rodata            const     0x800'1ce8     0x0  zero_init3.o [4]
  .rodata            const     0x800'1ce8     0x0  copy_init3.o [4]
                             - 0x800'1ce8  0x1bfc

"P2", part 1 of 3:                            0x8
  P2-1                        0x2000'0000     0x8  <Init block>
    .data            inited   0x2000'0000     0x8  XShttio.o [2]
                            - 0x2000'0008     0x8

"P2", part 2 of 3:                         0x1ea0
  .bss               zero     0x2000'0008   0xd60  os_core.o [1]
  .bss               zero     0x2000'0d68   0xc00  app.o [1]
  .bss               zero     0x2000'1968   0x20c  os_probe.o [1]
  .bss               zero     0x2000'1b74   0x140  os_probe.o [1]
  .bss               zero     0x2000'1cb4    0xa8  bsp_int.o [1]
  .bss               zero     0x2000'1d5c    0x8c  os_core.o [1]
  .bss               zero     0x2000'1de8    0x80  os_core.o [1]
  .bss               zero     0x2000'1e68    0x1c  probe_com.o [1]
  .bss               zero     0x2000'1e84    0x18  app.o [1]
  .bss               zero     0x2000'1e9c     0x8  app.o [1]
  .bss               zero     0x2000'1ea4     0x4  os_core.o [1]
                            - 0x2000'1ea8  0x1ea0

"P2", part 3 of 3:                          0x100
  CSTACK                      0x2000'1ea8   0x100  <Block>
    CSTACK           uninit   0x2000'1ea8   0x100  <Block tail>
                            - 0x2000'1fa8   0x100

Unused ranges:

         From           To      Size
         ----           --      ----
   0x800'1ce8   0x801'ffff  0x1'e318
  0x2000'1fa8  0x2000'1fff      0x58


*******************************************************************************
*** INIT TABLE
***

          Address      Size
          -------      ----
Zero (__iar_zero_init3)
    1 destination range, total size 0x1ea0:
          0x2000'0008  0x1ea0

Copy (__iar_copy_init3)
    1 source range, total size 0x8:
           0x800'1c94     0x8
    1 destination range, total size 0x8:
          0x2000'0000     0x8



*******************************************************************************
*** MODULE SUMMARY
***

    Module             ro code  ro data  rw data
    ------             -------  -------  -------
command line/config:
    --------------------------------------------
    Total:

D:\Develop\H-TEC\Micrium\Software\EvalBoards\ST\STM3210B-EVAL\IAR\OS-Probe\Flash\Obj: [1]
    app.o                1'136             3'104
    app_vect_v5.o           12      236
    bsp.o                  160
    bsp_int.o              228               168
    cpu_a.o                 42
    os_core.o            1'184      256    3'696
    os_cpu_a.o             160
    os_cpu_c.o             228
    os_dbg.o                 2       92
    os_flag.o              818
    os_probe.o             412               844
    os_task.o              540
    os_time.o              160
    probe_com.o             32                28
    stm32f10x_adc.o        288
    stm32f10x_gpio.o       208
    stm32f10x_i2c.o        210
    stm32f10x_rcc.o        196
    stm32f10x_tim.o        100
    --------------------------------------------
    Total:               6'116      584    7'840

dl7M_tln.a: [2]
    XShttio.o               12        8        8
    exit.o                   4
    low_level_init.o         4
    --------------------------------------------
    Total:                  20        8        8

m7M_tl.a: [3]
    FltDiv.o               252
    U32ToFlt.o              28
    --------------------------------------------
    Total:                 280

rt7M_tl.a: [4]
    ABImemclr.o              6
    ABImemclr4.o             6
    ABImemset48.o           50
    ABImemset_small.o       18
    cexit.o                 10
    cmain.o                 30
    copy_init3.o            46
    cstartup_M.o            28
    data_init.o             40
    zero_init3.o            58
    --------------------------------------------
    Total:                 292

shb_l.a: [5]
    exit.o                  20
    iarttio.o               44
    --------------------------------------------
    Total:                  64

    Linker created                   36      256
------------------------------------------------
    Grand Total:         6'772      628    8'104


*******************************************************************************
*** ENTRY LIST
***

Entry                       Address   Size  Type      Object
-----                       -------   ----  ----      ------
.iar.init_table$$Base    0x800'1c00          --   Gb  - Linker created -
.iar.init_table$$Limit   0x800'1c24          --   Gb  - Linker created -
?main                    0x800'1c25         Code  Gb  cmain.o [4]
ADCPrescTable            0x800'1440    0x4  Data  Lc  stm32f10x_rcc.o [1]
ADC_Cmd                  0x800'1553   0x12  Code  Gb  stm32f10x_adc.o [1]
ADC_GetCalibrationStatus
                         0x800'1591    0x4  Code  Gb  stm32f10x_adc.o [1]
ADC_GetResetCalibrationStatus
                         0x800'1581    0x6  Code  Gb  stm32f10x_adc.o [1]
ADC_ITConfig             0x800'1565   0x12  Code  Gb  stm32f10x_adc.o [1]
ADC_Init                 0x800'1515   0x3e  Code  Gb  stm32f10x_adc.o [1]
ADC_RegularChannelConfig
                         0x800'15ad   0x40  Code  Gb  stm32f10x_adc.o [1]
ADC_ResetCalibration     0x800'1577    0xa  Code  Gb  stm32f10x_adc.o [1]
ADC_SoftwareStartConvCmd
                         0x800'159b   0x12  Code  Gb  stm32f10x_adc.o [1]
ADC_StartCalibration     0x800'1587    0xa  Code  Gb  stm32f10x_adc.o [1]
APBAHBPrescTable         0x800'1430   0x10  Data  Lc  stm32f10x_rcc.o [1]
App_BusFault_ISR         0x800'1c8d    0x2  Code  Lc  app_vect_v5.o [1]
App_Fault_ISR            0x800'1c8b    0x2  Code  Lc  app_vect_v5.o [1]
App_MemFault_ISR         0x800'1c91    0x2  Code  Lc  app_vect_v5.o [1]
App_NMI_ISR              0x800'1c89    0x2  Code  Lc  app_vect_v5.o [1]
App_ProbeCallback        0x800'110d   0x3a  Code  Lc  app.o [1]
App_ProbeComCtrLast     0x2000'1e94    0x4  Data  Lc  app.o [1]
App_ProbeComRxPktLast   0x2000'1e84    0x4  Data  Lc  app.o [1]
App_ProbeComTxPktLast   0x2000'1e88    0x4  Data  Lc  app.o [1]
App_ProbeComTxSymByteLast
                        0x2000'1e90    0x4  Data  Lc  app.o [1]
App_ProbeComTxSymLast   0x2000'1e8c    0x4  Data  Lc  app.o [1]
App_ProbeCounts         0x2000'1e98    0x4  Data  Lc  app.o [1]
App_Spurious_ISR         0x800'1c93    0x2  Code  Lc  app_vect_v5.o [1]
App_TCBInitHook          0x800'1189    0x2  Code  Gb  app.o [1]
App_TaskCreateHook       0x800'117d    0x4  Code  Gb  app.o [1]
App_TaskIdleHook         0x800'1181    0x2  Code  Gb  app.o [1]
App_TaskStatHook         0x800'1183    0x2  Code  Gb  app.o [1]
App_TaskSwHook           0x800'1185    0x4  Code  Gb  app.o [1]
App_TimeTickHook         0x800'118b    0x4  Code  Gb  app.o [1]
App_UsageFault_ISR       0x800'1c8f    0x2  Code  Lc  app_vect_v5.o [1]
BSP_IntDisAll            0x800'129d    0x4  Code  Gb  bsp_int.o [1]
BSP_IntHandler           0x800'134b   0x2c  Code  Lc  bsp_int.o [1]
BSP_IntHandlerADC1_2     0x800'12e9    0x4  Code  Gb  bsp_int.o [1]
BSP_IntHandlerCAN_RX1    0x800'12f5    0x4  Code  Gb  bsp_int.o [1]
BSP_IntHandlerCAN_SCE    0x800'12f9    0x4  Code  Gb  bsp_int.o [1]
BSP_IntHandlerDMA1_CH1   0x800'12cd    0x4  Code  Gb  bsp_int.o [1]
BSP_IntHandlerDMA1_CH2   0x800'12d1    0x4  Code  Gb  bsp_int.o [1]
BSP_IntHandlerDMA1_CH3   0x800'12d5    0x4  Code  Gb  bsp_int.o [1]
BSP_IntHandlerDMA1_CH4   0x800'12d9    0x4  Code  Gb  bsp_int.o [1]
BSP_IntHandlerDMA1_CH5   0x800'12dd    0x4  Code  Gb  bsp_int.o [1]
BSP_IntHandlerDMA1_CH6   0x800'12e1    0x4  Code  Gb  bsp_int.o [1]
BSP_IntHandlerDMA1_CH7   0x800'12e5    0x4  Code  Gb  bsp_int.o [1]
BSP_IntHandlerEXTI0      0x800'12b9    0x4  Code  Gb  bsp_int.o [1]
BSP_IntHandlerEXTI1      0x800'12bd    0x4  Code  Gb  bsp_int.o [1]
BSP_IntHandlerEXTI15_10
                         0x800'1341    0x4  Code  Gb  bsp_int.o [1]
BSP_IntHandlerEXTI2      0x800'12c1    0x4  Code  Gb  bsp_int.o [1]
BSP_IntHandlerEXTI3      0x800'12c5    0x4  Code  Gb  bsp_int.o [1]
BSP_IntHandlerEXTI4      0x800'12c9    0x4  Code  Gb  bsp_int.o [1]
BSP_IntHandlerEXTI9_5    0x800'12fd    0x4  Code  Gb  bsp_int.o [1]
BSP_IntHandlerFLASH      0x800'12b1    0x4  Code  Gb  bsp_int.o [1]
BSP_IntHandlerI2C1_ER    0x800'1321    0x4  Code  Gb  bsp_int.o [1]
BSP_IntHandlerI2C1_EV    0x800'131d    0x4  Code  Gb  bsp_int.o [1]
BSP_IntHandlerI2C2_ER    0x800'1329    0x4  Code  Gb  bsp_int.o [1]
BSP_IntHandlerI2C2_EV    0x800'1325    0x4  Code  Gb  bsp_int.o [1]
BSP_IntHandlerPVD        0x800'12a5    0x4  Code  Gb  bsp_int.o [1]
BSP_IntHandlerRCC        0x800'12b5    0x4  Code  Gb  bsp_int.o [1]
BSP_IntHandlerRTC        0x800'12ad    0x4  Code  Gb  bsp_int.o [1]
BSP_IntHandlerRTCAlarm   0x800'1345    0x4  Code  Gb  bsp_int.o [1]
BSP_IntHandlerSPI1       0x800'132d    0x4  Code  Gb  bsp_int.o [1]
BSP_IntHandlerSPI2       0x800'1331    0x4  Code  Gb  bsp_int.o [1]
BSP_IntHandlerTAMPER     0x800'12a9    0x4  Code  Gb  bsp_int.o [1]
BSP_IntHandlerTIM1_BRK   0x800'1301    0x4  Code  Gb  bsp_int.o [1]
BSP_IntHandlerTIM1_CC    0x800'130d    0x4  Code  Gb  bsp_int.o [1]
BSP_IntHandlerTIM1_TRG_COM
                         0x800'1309    0x4  Code  Gb  bsp_int.o [1]
BSP_IntHandlerTIM1_UP    0x800'1305    0x4  Code  Gb  bsp_int.o [1]
BSP_IntHandlerTIM2       0x800'1311    0x4  Code  Gb  bsp_int.o [1]
BSP_IntHandlerTIM3       0x800'1315    0x4  Code  Gb  bsp_int.o [1]
BSP_IntHandlerTIM4       0x800'1319    0x4  Code  Gb  bsp_int.o [1]
BSP_IntHandlerUSART1     0x800'1335    0x4  Code  Gb  bsp_int.o [1]
BSP_IntHandlerUSART2     0x800'1339    0x4  Code  Gb  bsp_int.o [1]
BSP_IntHandlerUSART3     0x800'133d    0x4  Code  Gb  bsp_int.o [1]
BSP_IntHandlerUSBWakeUp
                         0x800'1349    0x2  Code  Gb  bsp_int.o [1]
BSP_IntHandlerUSB_HP_CAN_TX
                         0x800'12ed    0x4  Code  Gb  bsp_int.o [1]
BSP_IntHandlerUSB_LP_CAN_RX0
                         0x800'12f1    0x4  Code  Gb  bsp_int.o [1]
BSP_IntHandlerWWDG       0x800'12a1    0x4  Code  Gb  bsp_int.o [1]
BSP_IntVectTbl          0x2000'1cb4   0xa8  Data  Lc  bsp_int.o [1]
BSP_PB_GetStatus         0x800'11f1   0x32  Code  Gb  bsp.o [1]
CPU_CntLeadZeros         0x800'1973         Code  Gb  cpu_a.o [1]
CPU_IntDis               0x800'195d         Code  Gb  cpu_a.o [1]
CPU_IntEn                0x800'1961         Code  Gb  cpu_a.o [1]
CPU_RevBits              0x800'1979         Code  Gb  cpu_a.o [1]
CPU_SR_Restore           0x800'196d         Code  Gb  cpu_a.o [1]
CPU_SR_Save              0x800'1965         Code  Gb  cpu_a.o [1]
CPU_WaitForExcept        0x800'1983         Code  Gb  cpu_a.o [1]
CPU_WaitForInt           0x800'197f         Code  Gb  cpu_a.o [1]
CSTACK$$Base            0x2000'1ea8          --   Gb  - Linker created -
CSTACK$$Limit           0x2000'1fa8          --   Gb  - Linker created -
GPIO_Init                0x800'1445   0xba  Code  Gb  stm32f10x_gpio.o [1]
GPIO_ReadInputDataBit    0x800'14ff    0xe  Code  Gb  stm32f10x_gpio.o [1]
GPIO_ResetBits           0x800'1511    0x4  Code  Gb  stm32f10x_gpio.o [1]
GPIO_SetBits             0x800'150d    0x4  Code  Gb  stm32f10x_gpio.o [1]
I2C_Cmd                  0x800'16ed   0x14  Code  Gb  stm32f10x_i2c.o [1]
I2C_Init                 0x800'1635   0xae  Code  Gb  stm32f10x_i2c.o [1]
OSCPUUsage              0x2000'0008    0x1  Data  Gb  os_core.o [1]
OSCtxSw                  0x800'0c5b         Code  Gb  os_cpu_a.o [1]
OSCtxSwCtr              0x2000'0018    0x4  Data  Gb  os_core.o [1]
OSDataSize               0x800'1ce6    0x2  Data  Gb  os_dbg.o [1]
OSDebugEn                0x800'0c2e    0x2  Data  Gb  os_dbg.o [1]
OSDebugInit              0x800'0c2d    0x2  Code  Gb  os_dbg.o [1]
OSEndiannessTest         0x800'1c9c    0x4  Data  Gb  os_dbg.o [1]
OSEventEn                0x800'1706    0x2  Data  Gb  os_dbg.o [1]
OSEventFreeList         0x2000'001c    0x4  Data  Gb  os_core.o [1]
OSEventMax               0x800'1292    0x2  Data  Gb  os_dbg.o [1]
OSEventNameSize          0x800'129a    0x2  Data  Gb  os_dbg.o [1]
OSEventSize              0x800'195a    0x2  Data  Gb  os_dbg.o [1]
OSEventTbl              0x2000'0040  0x140  Data  Gb  os_core.o [1]
OSEventTblSize           0x800'1986    0x2  Data  Gb  os_dbg.o [1]
OSFlagCreate             0x800'06b1   0x4c  Code  Gb  os_flag.o [1]
OSFlagEn                 0x800'1c4a    0x2  Data  Gb  os_dbg.o [1]
OSFlagFreeList          0x2000'1ea4    0x4  Data  Gb  os_core.o [1]
OSFlagGrpSize            0x800'1c56    0x2  Data  Gb  os_dbg.o [1]
OSFlagMax                0x800'1ca4    0x2  Data  Gb  os_dbg.o [1]
OSFlagNameSize           0x800'1ca6    0x2  Data  Gb  os_dbg.o [1]
OSFlagNodeSize           0x800'1ca0    0x2  Data  Gb  os_dbg.o [1]
OSFlagPend               0x800'06fd  0x114  Code  Gb  os_flag.o [1]
OSFlagPost               0x800'0819   0xbe  Code  Gb  os_flag.o [1]
OSFlagTbl               0x2000'1d5c   0x8c  Data  Gb  os_core.o [1]
OSFlagWidth              0x800'1ca2    0x2  Data  Gb  os_dbg.o [1]
OSIdleCtr               0x2000'0028    0x4  Data  Gb  os_core.o [1]
OSIdleCtrMax            0x2000'0020    0x4  Data  Gb  os_core.o [1]
OSIdleCtrRun            0x2000'0024    0x4  Data  Gb  os_core.o [1]
OSInit                   0x800'00ed  0x118  Code  Gb  os_core.o [1]
OSInitHookBegin          0x800'058d    0x2  Code  Gb  os_cpu_c.o [1]
OSInitHookEnd            0x800'058f    0x2  Code  Gb  os_cpu_c.o [1]
OSIntCtxSw               0x800'0c63         Code  Gb  os_cpu_a.o [1]
OSIntExit                0x800'0211   0x40  Code  Gb  os_core.o [1]
OSIntNesting            0x2000'000a    0x1  Data  Gb  os_core.o [1]
OSLockNesting           0x2000'000b    0x1  Data  Gb  os_core.o [1]
OSLowestPrio             0x800'1ca8    0x2  Data  Gb  os_dbg.o [1]
OSMboxEn                 0x800'1caa    0x2  Data  Gb  os_dbg.o [1]
OSMemEn                  0x800'1cac    0x2  Data  Gb  os_dbg.o [1]
OSMemMax                 0x800'1cae    0x2  Data  Gb  os_dbg.o [1]
OSMemNameSize            0x800'1cb0    0x2  Data  Gb  os_dbg.o [1]
OSMemSize                0x800'1cb2    0x2  Data  Gb  os_dbg.o [1]
OSMemTblSize             0x800'1cb4    0x2  Data  Gb  os_dbg.o [1]
OSMutexEn                0x800'1cb6    0x2  Data  Gb  os_dbg.o [1]
OSPrioCur               0x2000'000c    0x1  Data  Gb  os_core.o [1]
OSPrioHighRdy           0x2000'000d    0x1  Data  Gb  os_core.o [1]
OSProbe_CallbackFnct    0x2000'196c    0x4  Data  Gb  os_probe.o [1]
OSProbe_CyclesCtr       0x2000'1970    0x4  Data  Gb  os_probe.o [1]
OSProbe_Delay           0x2000'1968    0x2  Data  Gb  os_probe.o [1]
OSProbe_Init             0x800'1709   0x52  Code  Gb  os_probe.o [1]
OSProbe_SetCallback      0x800'175b    0x6  Code  Gb  os_probe.o [1]
OSProbe_SetDelay         0x800'1761    0x6  Code  Gb  os_probe.o [1]
OSProbe_Task             0x800'17bd   0xc4  Code  Lc  os_probe.o [1]
OSProbe_Task::cycles_dif
                        0x2000'1c14   0x50  Data  Lc  os_probe.o [1]
OSProbe_Task::cycles_tot_last
                        0x2000'1c64   0x50  Data  Lc  os_probe.o [1]
OSProbe_TaskCPUUsage    0x2000'1b74   0x50  Data  Gb  os_probe.o [1]
OSProbe_TaskCreateHook   0x800'178d   0x10  Code  Gb  os_probe.o [1]
OSProbe_TaskStk         0x2000'1974  0x200  Data  Lc  os_probe.o [1]
OSProbe_TaskStkUsage    0x2000'1bc4   0x50  Data  Gb  os_probe.o [1]
OSProbe_TaskSwHook       0x800'179d   0x1c  Code  Gb  os_probe.o [1]
OSProbe_TickHook         0x800'17b9    0x2  Code  Gb  os_probe.o [1]
OSProbe_TimeGetCycles    0x800'1767   0x26  Code  Gb  os_probe.o [1]
OSProbe_TmrCntsPrev     0x2000'196a    0x2  Data  Gb  os_probe.o [1]
OSProbe_TmrInit          0x800'1231   0x48  Code  Gb  bsp.o [1]
OSProbe_TmrRd            0x800'1279    0x8  Code  Gb  bsp.o [1]
OSPtrSize                0x800'1cb8    0x2  Data  Gb  os_dbg.o [1]
OSQEn                    0x800'1cba    0x2  Data  Gb  os_dbg.o [1]
OSQMax                   0x800'1cbc    0x2  Data  Gb  os_dbg.o [1]
OSQSize                  0x800'1cbe    0x2  Data  Gb  os_dbg.o [1]
OSRdyGrp                0x2000'000e    0x1  Data  Gb  os_core.o [1]
OSRdyTbl                0x2000'0014    0x4  Data  Gb  os_core.o [1]
OSRdyTblSize             0x800'1cc0    0x2  Data  Gb  os_dbg.o [1]
OSRunning               0x2000'000f    0x1  Data  Gb  os_core.o [1]
OSSemEn                  0x800'1cc2    0x2  Data  Gb  os_dbg.o [1]
OSStart                  0x800'025b   0x28  Code  Gb  os_core.o [1]
OSStartHighRdy           0x800'0c3f         Code  Gb  os_cpu_a.o [1]
OSStatInit               0x800'0283   0x2a  Code  Gb  os_core.o [1]
OSStatRdy               0x2000'0009    0x1  Data  Gb  os_core.o [1]
OSStkWidth               0x800'1cc4    0x2  Data  Gb  os_dbg.o [1]
OSTCBCur                0x2000'002c    0x4  Data  Gb  os_core.o [1]
OSTCBFreeList           0x2000'0030    0x4  Data  Gb  os_core.o [1]
OSTCBHighRdy            0x2000'0034    0x4  Data  Gb  os_core.o [1]
OSTCBInitHook            0x800'061d    0x4  Code  Gb  os_cpu_c.o [1]
OSTCBList               0x2000'0038    0x4  Data  Gb  os_core.o [1]
OSTCBPrioTbl            0x2000'1de8   0x80  Data  Gb  os_core.o [1]
OSTCBPrioTblMax          0x800'1cdc    0x2  Data  Gb  os_dbg.o [1]
OSTCBSize                0x800'1cde    0x2  Data  Gb  os_dbg.o [1]
OSTCBTbl                0x2000'0580  0x7e8  Data  Gb  os_core.o [1]
OSTaskCreateEn           0x800'1cc6    0x2  Data  Gb  os_dbg.o [1]
OSTaskCreateExt          0x800'0a11   0x98  Code  Gb  os_task.o [1]
OSTaskCreateExtEn        0x800'1cc8    0x2  Data  Gb  os_dbg.o [1]
OSTaskCreateHook         0x800'0591    0x4  Code  Gb  os_cpu_c.o [1]
OSTaskCtr               0x2000'0010    0x1  Data  Gb  os_core.o [1]
OSTaskDelEn              0x800'1cca    0x2  Data  Gb  os_dbg.o [1]
OSTaskIdleHook           0x800'0595    0x4  Code  Gb  os_cpu_c.o [1]
OSTaskIdleStk           0x2000'0380  0x200  Data  Gb  os_core.o [1]
OSTaskIdleStkSize        0x800'1ccc    0x2  Data  Gb  os_dbg.o [1]
OSTaskMax                0x800'1cd0    0x2  Data  Gb  os_dbg.o [1]
OSTaskNameSet            0x800'0ab9   0x60  Code  Gb  os_task.o [1]
OSTaskNameSize           0x800'1cd2    0x2  Data  Gb  os_dbg.o [1]
OSTaskProfileEn          0x800'1cce    0x2  Data  Gb  os_dbg.o [1]
OSTaskStatEn             0x800'1cd4    0x2  Data  Gb  os_dbg.o [1]
OSTaskStatHook           0x800'0599    0x4  Code  Gb  os_cpu_c.o [1]
OSTaskStatStk           0x2000'0180  0x200  Data  Gb  os_core.o [1]
OSTaskStatStkChkEn       0x800'1cd8    0x2  Data  Gb  os_dbg.o [1]
OSTaskStatStkSize        0x800'1cd6    0x2  Data  Gb  os_dbg.o [1]
OSTaskStkChk             0x800'0b19   0x64  Code  Gb  os_task.o [1]
OSTaskStkInit            0x800'059d   0x7c  Code  Gb  os_cpu_c.o [1]
OSTaskSuspend            0x800'0b7d   0x6a  Code  Gb  os_task.o [1]
OSTaskSwHook             0x800'0619    0x4  Code  Gb  os_cpu_c.o [1]
OSTaskSwHookEn           0x800'1cda    0x2  Data  Gb  os_dbg.o [1]
OSTickStepState         0x2000'0011    0x1  Data  Gb  os_core.o [1]
OSTicksPerSec            0x800'1ce0    0x2  Data  Gb  os_dbg.o [1]
OSTime                  0x2000'003c    0x4  Data  Gb  os_core.o [1]
OSTimeDly                0x800'0cd1   0x42  Code  Gb  os_time.o [1]
OSTimeDlyHMSM            0x800'0d13   0x4e  Code  Gb  os_time.o [1]
OSTimeTick               0x800'02b5   0x88  Code  Gb  os_core.o [1]
OSTimeTickHook           0x800'0621    0x4  Code  Gb  os_cpu_c.o [1]
OSTimeTickHookEn         0x800'1ce2    0x2  Data  Gb  os_dbg.o [1]
OSUnMapTbl               0x800'1aa0  0x100  Data  Gb  os_core.o [1]
OSVersionNbr             0x800'1ce4    0x2  Data  Gb  os_dbg.o [1]
OS_CPU_PendSVHandler     0x800'0c6b         Code  Gb  os_cpu_a.o [1]
OS_CPU_SR_Restore        0x800'0c39         Code  Gb  os_cpu_a.o [1]
OS_CPU_SR_Save           0x800'0c31         Code  Gb  os_cpu_a.o [1]
OS_CPU_SysTickClkFreq    0x800'11e1    0x2  Code  Gb  bsp.o [1]
OS_CPU_SysTickHandler    0x800'0625   0x1e  Code  Gb  os_cpu_c.o [1]
OS_CPU_SysTickInit       0x800'0643   0x26  Code  Gb  os_cpu_c.o [1]
OS_FlagBlock             0x800'08d7   0x5c  Code  Lc  os_flag.o [1]
OS_FlagInit              0x800'0933   0x36  Code  Gb  os_flag.o [1]
OS_FlagTaskRdy           0x800'0969   0x3e  Code  Lc  os_flag.o [1]
OS_FlagUnlink            0x800'09c5   0x1e  Code  Gb  os_flag.o [1]
OS_MemClr                0x800'033d    0xa  Code  Gb  os_core.o [1]
OS_Sched                 0x800'0347   0x30  Code  Gb  os_core.o [1]
OS_SchedNew              0x800'038d   0x18  Code  Lc  os_core.o [1]
OS_StrCopy               0x800'03a5   0x20  Code  Gb  os_core.o [1]
OS_StrLen                0x800'03c5   0x14  Code  Gb  os_core.o [1]
OS_TCBInit               0x800'047f   0xe2  Code  Gb  os_core.o [1]
OS_TaskIdle              0x800'03dd   0x18  Code  Gb  os_core.o [1]
OS_TaskStat              0x800'03f5   0x54  Code  Gb  os_core.o [1]
OS_TaskStatStkChk        0x800'0449   0x36  Code  Gb  os_core.o [1]
OS_TaskStkClr            0x800'0c19   0x14  Code  Gb  os_task.o [1]
ProbeCom_EndiannessTest
                        0x2000'1e7c    0x4  Data  Lc  probe_com.o [1]
ProbeCom_ErrPktCtr      0x2000'1e78    0x4  Data  Gb  probe_com.o [1]
ProbeCom_InfoHndlr      0x2000'1e80    0x4  Data  Lc  probe_com.o [1]
ProbeCom_Init            0x800'18a5   0x18  Code  Gb  probe_com.o [1]
ProbeCom_RxPktCtr       0x2000'1e68    0x4  Data  Gb  probe_com.o [1]
ProbeCom_TxPktCtr       0x2000'1e6c    0x4  Data  Gb  probe_com.o [1]
ProbeCom_TxSymByteCtr   0x2000'1e74    0x4  Data  Gb  probe_com.o [1]
ProbeCom_TxSymCtr       0x2000'1e70    0x4  Data  Gb  probe_com.o [1]
RCC_APB1PeriphClockCmd   0x800'1407   0x14  Code  Gb  stm32f10x_rcc.o [1]
RCC_APB2PeriphClockCmd   0x800'13f3   0x14  Code  Gb  stm32f10x_rcc.o [1]
RCC_GetClocksFreq        0x800'1381   0x72  Code  Gb  stm32f10x_rcc.o [1]
Region$$Table$$Base      0x800'1c00          --   Gb  - Linker created -
Region$$Table$$Limit     0x800'1c24          --   Gb  - Linker created -
TIM_Cmd                  0x800'1901   0x14  Code  Gb  stm32f10x_tim.o [1]
TIM_GetCounter           0x800'1925    0x4  Code  Gb  stm32f10x_tim.o [1]
TIM_PrescalerConfig      0x800'1915    0x6  Code  Gb  stm32f10x_tim.o [1]
TIM_SetCounter           0x800'1921    0x4  Code  Gb  stm32f10x_tim.o [1]
TIM_TimeBaseInit         0x800'18c5   0x32  Code  Gb  stm32f10x_tim.o [1]
__aeabi_fdiv             0x800'19a5         Code  Gb  FltDiv.o [3]
__aeabi_memclr           0x800'0671         Code  Gb  ABImemclr.o [4]
__aeabi_memclr4          0x800'1295         Code  Gb  ABImemclr4.o [4]
__aeabi_ui2f             0x800'1989         Code  Gb  U32ToFlt.o [3]
__cmain                  0x800'1c25         Code  Gb  cmain.o [4]
__exit                   0x800'1c59   0x14  Code  Gb  exit.o [5]
__iar_Memset4_word       0x800'1929         Code  Gb  ABImemset48.o [4]
__iar_Memset8_word       0x800'1929         Code  Gb  ABImemset48.o [4]
__iar_close_ttio         0x800'1ba1   0x2c  Code  Gb  iarttio.o [5]
__iar_copy_init3         0x800'09e3   0x2e  Code  Gb  copy_init3.o [4]
__iar_data_init3         0x800'1bd9   0x28  Code  Gb  data_init.o [4]
__iar_lookup_ttioh       0x800'1bcd    0x4  Code  Gb  XShttio.o [2]
__iar_program_start      0x800'1c6d         Code  Gb  cstartup_M.o [4]
__iar_small_Memset       0x800'1281         Code  Gb  ABImemset_small.o [4]
__iar_small_Memset_word
                         0x800'1281         Code  Gb  ABImemset_small.o [4]
__iar_small_memset       0x800'1281         Code  Gb  ABImemset_small.o [4]
__iar_ttio_handles      0x2000'0000    0x8  Data  Lc  XShttio.o [2]
__iar_zero_init3         0x800'0677   0x3a  Code  Gb  zero_init3.o [4]
__low_level_init         0x800'1c43    0x4  Code  Gb  low_level_init.o [2]
__vector_table           0x800'0000   0xec  Data  Gb  app_vect_v5.o [1]
_call_main               0x800'1c31         Code  Gb  cmain.o [4]
_exit                    0x800'1c4d         Code  Gb  cexit.o [4]
_main                    0x800'1c3b         Code  Gb  cmain.o [4]
checkTask                0x800'109d   0x10  Code  Lc  app.o [1]
checkTaskStack          0x2000'1568  0x200  Data  Lc  app.o [1]
count                   0x2000'1ea0    0x4  Data  Lc  app.o [1]
denyTask                 0x800'1049   0x38  Code  Lc  app.o [1]
denyTaskStack           0x2000'1368  0x200  Data  Lc  app.o [1]
detectTask               0x800'0fd1   0x30  Code  Lc  app.o [1]
detectTaskStack         0x2000'0d68  0x200  Data  Lc  app.o [1]
exit                     0x800'1c47    0x4  Code  Gb  exit.o [2]
flagGroup               0x2000'1e9c    0x4  Data  Lc  app.o [1]
main                     0x800'0d71  0x21a  Code  Gb  app.o [1]
passTask                 0x800'1019   0x2e  Code  Lc  app.o [1]
passTaskStack           0x2000'1168  0x200  Data  Lc  app.o [1]
startTask                0x800'10d1   0x3a  Code  Lc  app.o [1]
startTaskStack          0x2000'1768  0x200  Data  Lc  app.o [1]
stopAlert                0x800'10ad   0x1a  Code  Lc  app.o [1]
stopNotice               0x800'10c7    0xa  Code  Lc  app.o [1]
temperTask               0x800'1001   0x16  Code  Lc  app.o [1]
temperatureTaskStack    0x2000'0f68  0x200  Data  Lc  app.o [1]


[1] = D:\Develop\H-TEC\Micrium\Software\EvalBoards\ST\STM3210B-EVAL\IAR\OS-Probe\Flash\Obj
[2] = dl7M_tln.a
[3] = m7M_tl.a
[4] = rt7M_tl.a
[5] = shb_l.a

  6'772 bytes of readonly  code memory
    628 bytes of readonly  data memory
  8'104 bytes of readwrite data memory

Errors: none
Warnings: none
