###############################################################################
#
# IAR ELF Linker V8.50.6.265/W32 for ARM                  11/Dec/2020  21:18:43
# Copyright 2007-2020 IAR Systems AB.
#
#    Output file  =
#        D:\OneDrive -
#        pusan.ac.kr\교과\임베디드시스템설계및실험\H-TEC\Debug\Exe\HTEC.out
#    Map file     =
#        D:\OneDrive -
#        pusan.ac.kr\교과\임베디드시스템설계및실험\H-TEC\Debug\List\HTEC.map
#    Command line =
#        -f C:\Users\fabi8\AppData\Local\Temp\EW43E6.tmp ("D:\OneDrive -
#        pusan.ac.kr\교과\임베디드시스템설계및실험\H-TEC\Debug\Obj\main.o"
#        --no_out_extension -o "D:\OneDrive -
#        pusan.ac.kr\교과\임베디드시스템설계및실험\H-TEC\Debug\Exe\HTEC.out"
#        --redirect _Printf=_PrintfFullNoMb --redirect _Scanf=_ScanfFullNoMb
#        --map "D:\OneDrive -
#        pusan.ac.kr\교과\임베디드시스템설계및실험\H-TEC\Debug\List\HTEC.map"
#        --config "D:\Develop\IAR Systems\arm\config\linker\ST\stm32f100xB.icf"
#        --semihosting --entry __iar_program_start --vfe --text_out locale)
#
###############################################################################

*******************************************************************************
*** RUNTIME MODEL ATTRIBUTES
***

CppFlavor       = *
__SystemLibrary = DLib
__dlib_version  = 6


*******************************************************************************
*** HEAP SELECTION
***

The basic heap was selected because some modules are built with
size limitations (and not runtime checking), and --advanced_heap
was not specified.


*******************************************************************************
*** PLACEMENT SUMMARY
***

"A0":  place at address 0x800'0000 { ro section .intvec };
"P1":  place in [from 0x800'0000 to 0x801'ffff] { ro };
define block CSTACK with size = 2K, alignment = 8 { };
define block HEAP with size = 2K, alignment = 8 { };
"P2":  place in [from 0x2000'0000 to 0x2000'1fff] {
          rw, block CSTACK, block HEAP };

No sections matched the following patterns:

  rw  in "P2"


  Section   Kind         Address   Size  Object
  -------   ----         -------   ----  ------
"A0":                              0x40
  .intvec   ro code   0x800'0000   0x40  vector_table_M.o [3]
                    - 0x800'0040   0x40

"P1":                              0x58
  .text     ro code   0x800'0040   0x1e  cmain.o [3]
  .text     ro code   0x800'005e    0x4  low_level_init.o [2]
  .text     ro code   0x800'0062    0x4  main.o [1]
  .text     ro code   0x800'0066    0x4  exit.o [2]
  .text     ro code   0x800'006a    0x2  vector_table_M.o [3]
  .text     ro code   0x800'006c    0xa  cexit.o [3]
  .text     ro code   0x800'0078   0x14  exit.o [4]
  .text     ro code   0x800'008c    0xc  cstartup_M.o [3]
                    - 0x800'0098   0x58

"P2":                             0x800
  CSTACK             0x2000'0000  0x800  <Block>
    CSTACK  uninit   0x2000'0000  0x800  <Block tail>
                   - 0x2000'0800  0x800

Unused ranges:

         From           To      Size
         ----           --      ----
   0x800'0098   0x801'ffff  0x1'ff68
  0x2000'0800  0x2000'1fff    0x1800



*******************************************************************************
*** MODULE SUMMARY
***

    Module            ro code  rw data
    ------            -------  -------
command line/config:
    ----------------------------------
    Total:

D:\OneDrive - pusan.ac.kr\교과\임베디드시스템설계및실험\H-TEC\Debug\Obj: [1]
    main.o                  4
    ----------------------------------
    Total:                  4

dl7M_tln.a: [2]
    exit.o                  4
    low_level_init.o        4
    ----------------------------------
    Total:                  8

rt7M_tl.a: [3]
    cexit.o                10
    cmain.o                30
    cstartup_M.o           12
    vector_table_M.o       66
    ----------------------------------
    Total:                118

shb_l.a: [4]
    exit.o                 20
    ----------------------------------
    Total:                 20

    Gaps                    2
    Linker created               2'048
--------------------------------------
    Grand Total:          152    2'048


*******************************************************************************
*** ENTRY LIST
***

Entry                     Address  Size  Type      Object
-----                     -------  ----  ----      ------
?main                  0x800'0041        Code  Gb  cmain.o [3]
CSTACK$$Base          0x2000'0000         --   Gb  - Linker created -
CSTACK$$Limit         0x2000'0800         --   Gb  - Linker created -
Region$$Table$$Base           0x0         --   Gb  - Linker created -
Region$$Table$$Limit          0x0         --   Gb  - Linker created -
__cmain                0x800'0041        Code  Gb  cmain.o [3]
__exit                 0x800'0079  0x14  Code  Gb  exit.o [4]
__iar_program_start    0x800'008d        Code  Gb  cstartup_M.o [3]
__low_level_init       0x800'005f   0x4  Code  Gb  low_level_init.o [2]
__vector_table         0x800'0000        Data  Gb  vector_table_M.o [3]
_call_main             0x800'004d        Code  Gb  cmain.o [3]
_exit                  0x800'006d        Code  Gb  cexit.o [3]
_main                  0x800'005b        Code  Gb  cmain.o [3]
exit                   0x800'0067   0x4  Code  Gb  exit.o [2]
main                   0x800'0063   0x4  Code  Gb  main.o [1]


[1] = D:\OneDrive - pusan.ac.kr\교과\임베디드시스템설계및실험\H-TEC\Debug\Obj
[2] = dl7M_tln.a
[3] = rt7M_tl.a
[4] = shb_l.a

    152 bytes of readonly  code memory
  2'048 bytes of readwrite data memory

Errors: none
Warnings: none
